Archive member included to satisfy reference by file (symbol)

d:/programs files x86/stm32/stm32cubeide_1.7.0/stm32cubeide/plugins/com.st.stm32cube.ide.mcu.externaltools.gnu-tools-for-stm32.9-2020-q2-update.win32_2.0.0.202105311346/tools/bin/../lib/gcc/arm-none-eabi/9.3.1/../../../../arm-none-eabi/lib/thumb/v7-m/nofp\libc_nano.a(lib_a-errno.o)
                              ./Core/Src/syscalls.o (__errno)
d:/programs files x86/stm32/stm32cubeide_1.7.0/stm32cubeide/plugins/com.st.stm32cube.ide.mcu.externaltools.gnu-tools-for-stm32.9-2020-q2-update.win32_2.0.0.202105311346/tools/bin/../lib/gcc/arm-none-eabi/9.3.1/../../../../arm-none-eabi/lib/thumb/v7-m/nofp\libc_nano.a(lib_a-exit.o)
                              d:/programs files x86/stm32/stm32cubeide_1.7.0/stm32cubeide/plugins/com.st.stm32cube.ide.mcu.externaltools.gnu-tools-for-stm32.9-2020-q2-update.win32_2.0.0.202105311346/tools/bin/../lib/gcc/arm-none-eabi/9.3.1/../../../../arm-none-eabi/lib/thumb/v7-m/nofp/crt0.o (exit)
d:/programs files x86/stm32/stm32cubeide_1.7.0/stm32cubeide/plugins/com.st.stm32cube.ide.mcu.externaltools.gnu-tools-for-stm32.9-2020-q2-update.win32_2.0.0.202105311346/tools/bin/../lib/gcc/arm-none-eabi/9.3.1/../../../../arm-none-eabi/lib/thumb/v7-m/nofp\libc_nano.a(lib_a-impure.o)
                              d:/programs files x86/stm32/stm32cubeide_1.7.0/stm32cubeide/plugins/com.st.stm32cube.ide.mcu.externaltools.gnu-tools-for-stm32.9-2020-q2-update.win32_2.0.0.202105311346/tools/bin/../lib/gcc/arm-none-eabi/9.3.1/../../../../arm-none-eabi/lib/thumb/v7-m/nofp\libc_nano.a(lib_a-exit.o) (_global_impure_ptr)
d:/programs files x86/stm32/stm32cubeide_1.7.0/stm32cubeide/plugins/com.st.stm32cube.ide.mcu.externaltools.gnu-tools-for-stm32.9-2020-q2-update.win32_2.0.0.202105311346/tools/bin/../lib/gcc/arm-none-eabi/9.3.1/../../../../arm-none-eabi/lib/thumb/v7-m/nofp\libc_nano.a(lib_a-init.o)
                              d:/programs files x86/stm32/stm32cubeide_1.7.0/stm32cubeide/plugins/com.st.stm32cube.ide.mcu.externaltools.gnu-tools-for-stm32.9-2020-q2-update.win32_2.0.0.202105311346/tools/bin/../lib/gcc/arm-none-eabi/9.3.1/../../../../arm-none-eabi/lib/thumb/v7-m/nofp/crt0.o (__libc_init_array)
d:/programs files x86/stm32/stm32cubeide_1.7.0/stm32cubeide/plugins/com.st.stm32cube.ide.mcu.externaltools.gnu-tools-for-stm32.9-2020-q2-update.win32_2.0.0.202105311346/tools/bin/../lib/gcc/arm-none-eabi/9.3.1/../../../../arm-none-eabi/lib/thumb/v7-m/nofp\libc_nano.a(lib_a-memset.o)
                              d:/programs files x86/stm32/stm32cubeide_1.7.0/stm32cubeide/plugins/com.st.stm32cube.ide.mcu.externaltools.gnu-tools-for-stm32.9-2020-q2-update.win32_2.0.0.202105311346/tools/bin/../lib/gcc/arm-none-eabi/9.3.1/../../../../arm-none-eabi/lib/thumb/v7-m/nofp/crt0.o (memset)

Allocating common symbols
Common symbol       size              file

uwTick              0x4               ./Drivers/STM32F1xx_HAL_Driver/Src/stm32f1xx_hal.o
pFlash              0x20              ./Drivers/STM32F1xx_HAL_Driver/Src/stm32f1xx_hal_flash.o
htim2               0x48              ./Core/Src/main.o

Discarded input sections

 .text          0x0000000000000000        0x0 d:/programs files x86/stm32/stm32cubeide_1.7.0/stm32cubeide/plugins/com.st.stm32cube.ide.mcu.externaltools.gnu-tools-for-stm32.9-2020-q2-update.win32_2.0.0.202105311346/tools/bin/../lib/gcc/arm-none-eabi/9.3.1/thumb/v7-m/nofp/crti.o
 .data          0x0000000000000000        0x0 d:/programs files x86/stm32/stm32cubeide_1.7.0/stm32cubeide/plugins/com.st.stm32cube.ide.mcu.externaltools.gnu-tools-for-stm32.9-2020-q2-update.win32_2.0.0.202105311346/tools/bin/../lib/gcc/arm-none-eabi/9.3.1/thumb/v7-m/nofp/crti.o
 .bss           0x0000000000000000        0x0 d:/programs files x86/stm32/stm32cubeide_1.7.0/stm32cubeide/plugins/com.st.stm32cube.ide.mcu.externaltools.gnu-tools-for-stm32.9-2020-q2-update.win32_2.0.0.202105311346/tools/bin/../lib/gcc/arm-none-eabi/9.3.1/thumb/v7-m/nofp/crti.o
 .data          0x0000000000000000        0x4 d:/programs files x86/stm32/stm32cubeide_1.7.0/stm32cubeide/plugins/com.st.stm32cube.ide.mcu.externaltools.gnu-tools-for-stm32.9-2020-q2-update.win32_2.0.0.202105311346/tools/bin/../lib/gcc/arm-none-eabi/9.3.1/thumb/v7-m/nofp/crtbegin.o
 .text          0x0000000000000000       0x7c d:/programs files x86/stm32/stm32cubeide_1.7.0/stm32cubeide/plugins/com.st.stm32cube.ide.mcu.externaltools.gnu-tools-for-stm32.9-2020-q2-update.win32_2.0.0.202105311346/tools/bin/../lib/gcc/arm-none-eabi/9.3.1/../../../../arm-none-eabi/lib/thumb/v7-m/nofp/crt0.o
 .data          0x0000000000000000        0x0 d:/programs files x86/stm32/stm32cubeide_1.7.0/stm32cubeide/plugins/com.st.stm32cube.ide.mcu.externaltools.gnu-tools-for-stm32.9-2020-q2-update.win32_2.0.0.202105311346/tools/bin/../lib/gcc/arm-none-eabi/9.3.1/../../../../arm-none-eabi/lib/thumb/v7-m/nofp/crt0.o
[...]
Memory Configuration

Name             Origin             Length             Attributes
RAM              0x0000000020000000 0x0000000000002800 xrw
FLASH            0x0000000008000000 0x0000000000008000 xr
*default*        0x0000000000000000 0xffffffffffffffff

Linker script and memory map

LOAD d:/programs files x86/stm32/stm32cubeide_1.7.0/stm32cubeide/plugins/com.st.stm32cube.ide.mcu.externaltools.gnu-tools-for-stm32.9-2020-q2-update.win32_2.0.0.202105311346/tools/bin/../lib/gcc/arm-none-eabi/9.3.1/thumb/v7-m/nofp/crti.o
LOAD d:/programs files x86/stm32/stm32cubeide_1.7.0/stm32cubeide/plugins/com.st.stm32cube.ide.mcu.externaltools.gnu-tools-for-stm32.9-2020-q2-update.win32_2.0.0.202105311346/tools/bin/../lib/gcc/arm-none-eabi/9.3.1/thumb/v7-m/nofp/crtbegin.o
LOAD d:/programs files x86/stm32/stm32cubeide_1.7.0/stm32cubeide/plugins/com.st.stm32cube.ide.mcu.externaltools.gnu-tools-for-stm32.9-2020-q2-update.win32_2.0.0.202105311346/tools/bin/../lib/gcc/arm-none-eabi/9.3.1/../../../../arm-none-eabi/lib/thumb/v7-m/nofp/crt0.o
LOAD ./Core/Src/button.o
LOAD ./Core/Src/displayled7seg.o
LOAD ./Core/Src/global.o
LOAD ./Core/Src/main.o
LOAD ./Core/Src/state_machine.o
LOAD ./Core/Src/stm32f1xx_hal_msp.o
LOAD ./Core/Src/stm32f1xx_it.o
LOAD ./Core/Src/syscalls.o
LOAD ./Core/Src/sysmem.o
LOAD ./Core/Src/system_stm32f1xx.o
LOAD ./Core/Src/timer_software.o
LOAD ./Core/Startup/startup_stm32f103c6ux.o
LOAD ./Drivers/STM32F1xx_HAL_Driver/Src/stm32f1xx_hal.o
LOAD ./Drivers/STM32F1xx_HAL_Driver/Src/stm32f1xx_hal_cortex.o
LOAD ./Drivers/STM32F1xx_HAL_Driver/Src/stm32f1xx_hal_dma.o
LOAD ./Drivers/STM32F1xx_HAL_Driver/Src/stm32f1xx_hal_exti.o
LOAD ./Drivers/STM32F1xx_HAL_Driver/Src/stm32f1xx_hal_flash.o
LOAD ./Drivers/STM32F1xx_HAL_Driver/Src/stm32f1xx_hal_flash_ex.o
LOAD ./Drivers/STM32F1xx_HAL_Driver/Src/stm32f1xx_hal_gpio.o
LOAD ./Drivers/STM32F1xx_HAL_Driver/Src/stm32f1xx_hal_gpio_ex.o
LOAD ./Drivers/STM32F1xx_HAL_Driver/Src/stm32f1xx_hal_pwr.o
LOAD ./Drivers/STM32F1xx_HAL_Driver/Src/stm32f1xx_hal_rcc.o
LOAD ./Drivers/STM32F1xx_HAL_Driver/Src/stm32f1xx_hal_rcc_ex.o
LOAD ./Drivers/STM32F1xx_HAL_Driver/Src/stm32f1xx_hal_tim.o
LOAD ./Drivers/STM32F1xx_HAL_Driver/Src/stm32f1xx_hal_tim_ex.o
START GROUP
LOAD d:/programs files x86/stm32/stm32cubeide_1.7.0/stm32cubeide/plugins/com.st.stm32cube.ide.mcu.externaltools.gnu-tools-for-stm32.9-2020-q2-update.win32_2.0.0.202105311346/tools/bin/../lib/gcc/arm-none-eabi/9.3.1/../../../../arm-none-eabi/lib/thumb/v7-m/nofp\libc_nano.a
LOAD d:/programs files x86/stm32/stm32cubeide_1.7.0/stm32cubeide/plugins/com.st.stm32cube.ide.mcu.externaltools.gnu-tools-for-stm32.9-2020-q2-update.win32_2.0.0.202105311346/tools/bin/../lib/gcc/arm-none-eabi/9.3.1/../../../../arm-none-eabi/lib/thumb/v7-m/nofp\libm.a
END GROUP
START GROUP
LOAD d:/programs files x86/stm32/stm32cubeide_1.7.0/stm32cubeide/plugins/com.st.stm32cube.ide.mcu.externaltools.gnu-tools-for-stm32.9-2020-q2-update.win32_2.0.0.202105311346/tools/bin/../lib/gcc/arm-none-eabi/9.3.1/thumb/v7-m/nofp\libgcc.a
LOAD d:/programs files x86/stm32/stm32cubeide_1.7.0/stm32cubeide/plugins/com.st.stm32cube.ide.mcu.externaltools.gnu-tools-for-stm32.9-2020-q2-update.win32_2.0.0.202105311346/tools/bin/../lib/gcc/arm-none-eabi/9.3.1/../../../../arm-none-eabi/lib/thumb/v7-m/nofp\libc_nano.a
END GROUP
START GROUP
LOAD d:/programs files x86/stm32/stm32cubeide_1.7.0/stm32cubeide/plugins/com.st.stm32cube.ide.mcu.externaltools.gnu-tools-for-stm32.9-2020-q2-update.win32_2.0.0.202105311346/tools/bin/../lib/gcc/arm-none-eabi/9.3.1/thumb/v7-m/nofp\libgcc.a
LOAD d:/programs files x86/stm32/stm32cubeide_1.7.0/stm32cubeide/plugins/com.st.stm32cube.ide.mcu.externaltools.gnu-tools-for-stm32.9-2020-q2-update.win32_2.0.0.202105311346/tools/bin/../lib/gcc/arm-none-eabi/9.3.1/../../../../arm-none-eabi/lib/thumb/v7-m/nofp\libc_nano.a
LOAD d:/programs files x86/stm32/stm32cubeide_1.7.0/stm32cubeide/plugins/com.st.stm32cube.ide.mcu.externaltools.gnu-tools-for-stm32.9-2020-q2-update.win32_2.0.0.202105311346/tools/bin/../lib/gcc/arm-none-eabi/9.3.1/../../../../arm-none-eabi/lib/thumb/v7-m/nofp\libnosys.a
END GROUP
START GROUP
LOAD d:/programs files x86/stm32/stm32cubeide_1.7.0/stm32cubeide/plugins/com.st.stm32cube.ide.mcu.externaltools.gnu-tools-for-stm32.9-2020-q2-update.win32_2.0.0.202105311346/tools/bin/../lib/gcc/arm-none-eabi/9.3.1/thumb/v7-m/nofp\libgcc.a
LOAD d:/programs files x86/stm32/stm32cubeide_1.7.0/stm32cubeide/plugins/com.st.stm32cube.ide.mcu.externaltools.gnu-tools-for-stm32.9-2020-q2-update.win32_2.0.0.202105311346/tools/bin/../lib/gcc/arm-none-eabi/9.3.1/../../../../arm-none-eabi/lib/thumb/v7-m/nofp\libc_nano.a
LOAD d:/programs files x86/stm32/stm32cubeide_1.7.0/stm32cubeide/plugins/com.st.stm32cube.ide.mcu.externaltools.gnu-tools-for-stm32.9-2020-q2-update.win32_2.0.0.202105311346/tools/bin/../lib/gcc/arm-none-eabi/9.3.1/../../../../arm-none-eabi/lib/thumb/v7-m/nofp\libnosys.a
END GROUP
LOAD d:/programs files x86/stm32/stm32cubeide_1.7.0/stm32cubeide/plugins/com.st.stm32cube.ide.mcu.externaltools.gnu-tools-for-stm32.9-2020-q2-update.win32_2.0.0.202105311346/tools/bin/../lib/gcc/arm-none-eabi/9.3.1/thumb/v7-m/nofp/crtend.o
LOAD d:/programs files x86/stm32/stm32cubeide_1.7.0/stm32cubeide/plugins/com.st.stm32cube.ide.mcu.externaltools.gnu-tools-for-stm32.9-2020-q2-update.win32_2.0.0.202105311346/tools/bin/../lib/gcc/arm-none-eabi/9.3.1/thumb/v7-m/nofp/crtn.o
                0x0000000020002800                _estack = (ORIGIN (RAM) + LENGTH (RAM))
                0x0000000000000200                _Min_Heap_Size = 0x200
                0x0000000000000400                _Min_Stack_Size = 0x400

.isr_vector     0x0000000008000000      0x10c
                0x0000000008000000                . = ALIGN (0x4)
 *(.isr_vector)
 .isr_vector    0x0000000008000000      0x10c ./Core/Startup/startup_stm32f103c6ux.o
                0x0000000008000000                g_pfnVectors
                0x000000000800010c                . = ALIGN (0x4)

.text           0x000000000800010c     0x2450
                0x000000000800010c                . = ALIGN (0x4)
 *(.text)
 .text          0x000000000800010c       0x40 d:/programs files x86/stm32/stm32cubeide_1.7.0/stm32cubeide/plugins/com.st.stm32cube.ide.mcu.externaltools.gnu-tools-for-stm32.9-2020-q2-update.win32_2.0.0.202105311346/tools/bin/../lib/gcc/arm-none-eabi/9.3.1/thumb/v7-m/nofp/crtbegin.o
 *(.text*)
 .text.isButton1Pressed
                0x000000000800014c       0x24 ./Core/Src/button.o
                0x000000000800014c                isButton1Pressed
 .text.subKeyProcess
                0x0000000008000170       0x18 ./Core/Src/button.o
                0x0000000008000170                subKeyProcess
 .text.isButton2Pressed
                0x0000000008000188       0x24 ./Core/Src/button.o
                0x0000000008000188                isButton2Pressed
 .text.subKeyProcess2
                0x00000000080001ac       0x18 ./Core/Src/button.o
                0x00000000080001ac                subKeyProcess2
 .text.isButton3Pressed
                0x00000000080001c4       0x24 ./Core/Src/button.o
                0x00000000080001c4                isButton3Pressed
 .text.subKeyProcess3
                0x00000000080001e8       0x18 ./Core/Src/button.o
                0x00000000080001e8                subKeyProcess3
 .text.getKeyInput
                0x0000000008000200      0x1d4 ./Core/Src/button.o
                0x0000000008000200                getKeyInput
 .text.display7SEG
                0x00000000080003d4      0x2cc ./Core/Src/displayled7seg.o
                0x00000000080003d4                display7SEG
 .text.main     0x00000000080006a0       0x2c ./Core/Src/main.o
                0x00000000080006a0                main
 .text.SystemClock_Config
                0x00000000080006cc       0x76 ./Core/Src/main.o
                0x00000000080006cc                SystemClock_Config
 *fill*         0x0000000008000742        0x2 
 .text.MX_TIM2_Init
                0x0000000008000744       0x98 ./Core/Src/main.o
 .text.MX_GPIO_Init
                0x00000000080007dc       0xdc ./Core/Src/main.o
 .text.HAL_TIM_PeriodElapsedCallback
                0x00000000080008b8       0x18 ./Core/Src/main.o
                0x00000000080008b8                HAL_TIM_PeriodElapsedCallback
 .text.Error_Handler
                0x00000000080008d0        0xa ./Core/Src/main.o
                0x00000000080008d0                Error_Handler
 *fill*         0x00000000080008da        0x2 
 .text.initState
                0x00000000080008dc       0x5c ./Core/Src/state_machine.o
                0x00000000080008dc                initState
 .text.ledBlinky
                0x0000000008000938       0x28 ./Core/Src/state_machine.o
                0x0000000008000938                ledBlinky
 .text.modifyCounter
                0x0000000008000960       0x2c ./Core/Src/state_machine.o
                0x0000000008000960                modifyCounter
 .text.normalPressed
                0x000000000800098c      0x2d8 ./Core/Src/state_machine.o
                0x000000000800098c                normalPressed
 .text.HAL_MspInit
                0x0000000008000c64       0x64 ./Core/Src/stm32f1xx_hal_msp.o
                0x0000000008000c64                HAL_MspInit
 .text.HAL_TIM_Base_MspInit
                0x0000000008000cc8       0x48 ./Core/Src/stm32f1xx_hal_msp.o
                0x0000000008000cc8                HAL_TIM_Base_MspInit
 .text.NMI_Handler
                0x0000000008000d10        0x6 ./Core/Src/stm32f1xx_it.o
                0x0000000008000d10                NMI_Handler
 .text.HardFault_Handler
                0x0000000008000d16        0x6 ./Core/Src/stm32f1xx_it.o
                0x0000000008000d16                HardFault_Handler
 .text.MemManage_Handler
                0x0000000008000d1c        0x6 ./Core/Src/stm32f1xx_it.o
                0x0000000008000d1c                MemManage_Handler
 .text.BusFault_Handler
                0x0000000008000d22        0x6 ./Core/Src/stm32f1xx_it.o
                0x0000000008000d22                BusFault_Handler
 .text.UsageFault_Handler
                0x0000000008000d28        0x6 ./Core/Src/stm32f1xx_it.o
                0x0000000008000d28                UsageFault_Handler
 .text.SVC_Handler
                0x0000000008000d2e        0xc ./Core/Src/stm32f1xx_it.o
                0x0000000008000d2e                SVC_Handler
 .text.DebugMon_Handler
                0x0000000008000d3a        0xc ./Core/Src/stm32f1xx_it.o
                0x0000000008000d3a                DebugMon_Handler
 .text.PendSV_Handler
                0x0000000008000d46        0xc ./Core/Src/stm32f1xx_it.o
                0x0000000008000d46                PendSV_Handler
 .text.SysTick_Handler
                0x0000000008000d52        0xc ./Core/Src/stm32f1xx_it.o
                0x0000000008000d52                SysTick_Handler
 *fill*         0x0000000008000d5e        0x2 
 .text.TIM2_IRQHandler
                0x0000000008000d60       0x14 ./Core/Src/stm32f1xx_it.o
                0x0000000008000d60                TIM2_IRQHandler
 .text.SystemInit
                0x0000000008000d74        0xc ./Core/Src/system_stm32f1xx.o
                0x0000000008000d74                SystemInit
 .text.setTimerY
                0x0000000008000d80       0x28 ./Core/Src/timer_software.o
                0x0000000008000d80                setTimerY
 .text.setTimer1
                0x0000000008000da8       0x28 ./Core/Src/timer_software.o
                0x0000000008000da8                setTimer1
 .text.setTimer2
                0x0000000008000dd0       0x28 ./Core/Src/timer_software.o
                0x0000000008000dd0                setTimer2
 .text.timerRun
                0x0000000008000df8       0xac ./Core/Src/timer_software.o
                0x0000000008000df8                timerRun
 .text.Reset_Handler
                0x0000000008000ea4       0x48 ./Core/Startup/startup_stm32f103c6ux.o
                0x0000000008000ea4                Reset_Handler
 .text.Default_Handler
                0x0000000008000eec        0x2 ./Core/Startup/startup_stm32f103c6ux.o
                0x0000000008000eec                RTC_Alarm_IRQHandler
                0x0000000008000eec                EXTI2_IRQHandler
                0x0000000008000eec                TIM1_CC_IRQHandler
                0x0000000008000eec                PVD_IRQHandler
                0x0000000008000eec                EXTI3_IRQHandler
                0x0000000008000eec                EXTI0_IRQHandler
                0x0000000008000eec                ADC1_2_IRQHandler
                0x0000000008000eec                SPI1_IRQHandler
                0x0000000008000eec                TAMPER_IRQHandler
                0x0000000008000eec                DMA1_Channel4_IRQHandler
                0x0000000008000eec                RTC_IRQHandler
                0x0000000008000eec                DMA1_Channel7_IRQHandler
                0x0000000008000eec                CAN1_RX1_IRQHandler
                0x0000000008000eec                I2C1_EV_IRQHandler
                0x0000000008000eec                DMA1_Channel6_IRQHandler
                0x0000000008000eec                TIM3_IRQHandler
                0x0000000008000eec                RCC_IRQHandler
                0x0000000008000eec                TIM1_TRG_COM_IRQHandler
                0x0000000008000eec                DMA1_Channel1_IRQHandler
                0x0000000008000eec                Default_Handler
                0x0000000008000eec                EXTI15_10_IRQHandler
                0x0000000008000eec                EXTI9_5_IRQHandler
                0x0000000008000eec                DMA1_Channel5_IRQHandler
                0x0000000008000eec                EXTI4_IRQHandler
                0x0000000008000eec                USB_LP_CAN1_RX0_IRQHandler
                0x0000000008000eec                USB_HP_CAN1_TX_IRQHandler
                0x0000000008000eec                DMA1_Channel3_IRQHandler
                0x0000000008000eec                TIM1_UP_IRQHandler
                0x0000000008000eec                WWDG_IRQHandler
                0x0000000008000eec                TIM1_BRK_IRQHandler
                0x0000000008000eec                EXTI1_IRQHandler
                0x0000000008000eec                USART2_IRQHandler
                0x0000000008000eec                DMA1_Channel2_IRQHandler
                0x0000000008000eec                CAN1_SCE_IRQHandler
                0x0000000008000eec                FLASH_IRQHandler
                0x0000000008000eec                USART1_IRQHandler
                0x0000000008000eec                I2C1_ER_IRQHandler
                0x0000000008000eec                USBWakeUp_IRQHandler
 *fill*         0x0000000008000eee        0x2 
 .text.HAL_Init
                0x0000000008000ef0       0x2c ./Drivers/STM32F1xx_HAL_Driver/Src/stm32f1xx_hal.o
                0x0000000008000ef0                HAL_Init
 .text.HAL_InitTick
                0x0000000008000f1c       0x60 ./Drivers/STM32F1xx_HAL_Driver/Src/stm32f1xx_hal.o
                0x0000000008000f1c                HAL_InitTick
 .text.HAL_IncTick
                0x0000000008000f7c       0x24 ./Drivers/STM32F1xx_HAL_Driver/Src/stm32f1xx_hal.o
                0x0000000008000f7c                HAL_IncTick
 .text.HAL_GetTick
                0x0000000008000fa0       0x14 ./Drivers/STM32F1xx_HAL_Driver/Src/stm32f1xx_hal.o
                0x0000000008000fa0                HAL_GetTick
 .text.__NVIC_SetPriorityGrouping
                0x0000000008000fb4       0x48 ./Drivers/STM32F1xx_HAL_Driver/Src/stm32f1xx_hal_cortex.o
 .text.__NVIC_GetPriorityGrouping
                0x0000000008000ffc       0x1c ./Drivers/STM32F1xx_HAL_Driver/Src/stm32f1xx_hal_cortex.o
 .text.__NVIC_EnableIRQ
                0x0000000008001018       0x38 ./Drivers/STM32F1xx_HAL_Driver/Src/stm32f1xx_hal_cortex.o
 .text.__NVIC_SetPriority
                0x0000000008001050       0x54 ./Drivers/STM32F1xx_HAL_Driver/Src/stm32f1xx_hal_cortex.o
 .text.NVIC_EncodePriority
                0x00000000080010a4       0x64 ./Drivers/STM32F1xx_HAL_Driver/Src/stm32f1xx_hal_cortex.o
 .text.SysTick_Config
                0x0000000008001108       0x44 ./Drivers/STM32F1xx_HAL_Driver/Src/stm32f1xx_hal_cortex.o
 .text.HAL_NVIC_SetPriorityGrouping
                0x000000000800114c       0x16 ./Drivers/STM32F1xx_HAL_Driver/Src/stm32f1xx_hal_cortex.o
                0x000000000800114c                HAL_NVIC_SetPriorityGrouping
 .text.HAL_NVIC_SetPriority
                0x0000000008001162       0x38 ./Drivers/STM32F1xx_HAL_Driver/Src/stm32f1xx_hal_cortex.o
                0x0000000008001162                HAL_NVIC_SetPriority
 .text.HAL_NVIC_EnableIRQ
                0x000000000800119a       0x1c ./Drivers/STM32F1xx_HAL_Driver/Src/stm32f1xx_hal_cortex.o
                0x000000000800119a                HAL_NVIC_EnableIRQ
 .text.HAL_SYSTICK_Config
                0x00000000080011b6       0x18 ./Drivers/STM32F1xx_HAL_Driver/Src/stm32f1xx_hal_cortex.o
                0x00000000080011b6                HAL_SYSTICK_Config
 *fill*         0x00000000080011ce        0x2 
 .text.HAL_GPIO_Init
                0x00000000080011d0      0x2f4 ./Drivers/STM32F1xx_HAL_Driver/Src/stm32f1xx_hal_gpio.o
                0x00000000080011d0                HAL_GPIO_Init
 .text.HAL_GPIO_ReadPin
                0x00000000080014c4       0x2e ./Drivers/STM32F1xx_HAL_Driver/Src/stm32f1xx_hal_gpio.o
                0x00000000080014c4                HAL_GPIO_ReadPin
 .text.HAL_GPIO_WritePin
                0x00000000080014f2       0x30 ./Drivers/STM32F1xx_HAL_Driver/Src/stm32f1xx_hal_gpio.o
                0x00000000080014f2                HAL_GPIO_WritePin
 .text.HAL_GPIO_TogglePin
                0x0000000008001522       0x32 ./Drivers/STM32F1xx_HAL_Driver/Src/stm32f1xx_hal_gpio.o
                0x0000000008001522                HAL_GPIO_TogglePin
 .text.HAL_RCC_OscConfig
                0x0000000008001554      0x500 ./Drivers/STM32F1xx_HAL_Driver/Src/stm32f1xx_hal_rcc.o
                0x0000000008001554                HAL_RCC_OscConfig
 .text.HAL_RCC_ClockConfig
                0x0000000008001a54      0x1d4 ./Drivers/STM32F1xx_HAL_Driver/Src/stm32f1xx_hal_rcc.o
                0x0000000008001a54                HAL_RCC_ClockConfig
 .text.HAL_RCC_GetSysClockFreq
                0x0000000008001c28       0xc0 ./Drivers/STM32F1xx_HAL_Driver/Src/stm32f1xx_hal_rcc.o
                0x0000000008001c28                HAL_RCC_GetSysClockFreq
 .text.RCC_Delay
                0x0000000008001ce8       0x3c ./Drivers/STM32F1xx_HAL_Driver/Src/stm32f1xx_hal_rcc.o
 .text.HAL_TIM_Base_Init
                0x0000000008001d24       0x9e ./Drivers/STM32F1xx_HAL_Driver/Src/stm32f1xx_hal_tim.o
                0x0000000008001d24                HAL_TIM_Base_Init
 *fill*         0x0000000008001dc2        0x2 
 .text.HAL_TIM_Base_Start_IT
                0x0000000008001dc4       0x98 ./Drivers/STM32F1xx_HAL_Driver/Src/stm32f1xx_hal_tim.o
                0x0000000008001dc4                HAL_TIM_Base_Start_IT
 .text.HAL_TIM_IRQHandler
                0x0000000008001e5c      0x210 ./Drivers/STM32F1xx_HAL_Driver/Src/stm32f1xx_hal_tim.o
                0x0000000008001e5c                HAL_TIM_IRQHandler
 .text.HAL_TIM_ConfigClockSource
                0x000000000800206c      0x188 ./Drivers/STM32F1xx_HAL_Driver/Src/stm32f1xx_hal_tim.o
                0x000000000800206c                HAL_TIM_ConfigClockSource
 .text.HAL_TIM_OC_DelayElapsedCallback
                0x00000000080021f4       0x12 ./Drivers/STM32F1xx_HAL_Driver/Src/stm32f1xx_hal_tim.o
                0x00000000080021f4                HAL_TIM_OC_DelayElapsedCallback
 .text.HAL_TIM_IC_CaptureCallback
                0x0000000008002206       0x12 ./Drivers/STM32F1xx_HAL_Driver/Src/stm32f1xx_hal_tim.o
                0x0000000008002206                HAL_TIM_IC_CaptureCallback
 .text.HAL_TIM_PWM_PulseFinishedCallback
                0x0000000008002218       0x12 ./Drivers/STM32F1xx_HAL_Driver/Src/stm32f1xx_hal_tim.o
                0x0000000008002218                HAL_TIM_PWM_PulseFinishedCallback
 .text.HAL_TIM_TriggerCallback
                0x000000000800222a       0x12 ./Drivers/STM32F1xx_HAL_Driver/Src/stm32f1xx_hal_tim.o
                0x000000000800222a                HAL_TIM_TriggerCallback
 .text.TIM_Base_SetConfig
                0x000000000800223c       0xb0 ./Drivers/STM32F1xx_HAL_Driver/Src/stm32f1xx_hal_tim.o
                0x000000000800223c                TIM_Base_SetConfig
 .text.TIM_TI1_ConfigInputStage
                0x00000000080022ec       0x5c ./Drivers/STM32F1xx_HAL_Driver/Src/stm32f1xx_hal_tim.o
 .text.TIM_TI2_ConfigInputStage
                0x0000000008002348       0x5e ./Drivers/STM32F1xx_HAL_Driver/Src/stm32f1xx_hal_tim.o
 .text.TIM_ITRx_SetConfig
                0x00000000080023a6       0x34 ./Drivers/STM32F1xx_HAL_Driver/Src/stm32f1xx_hal_tim.o
 .text.TIM_ETR_SetConfig
                0x00000000080023da       0x3e ./Drivers/STM32F1xx_HAL_Driver/Src/stm32f1xx_hal_tim.o
                0x00000000080023da                TIM_ETR_SetConfig
 .text.HAL_TIMEx_MasterConfigSynchronization
                0x0000000008002418       0xb0 ./Drivers/STM32F1xx_HAL_Driver/Src/stm32f1xx_hal_tim_ex.o
                0x0000000008002418                HAL_TIMEx_MasterConfigSynchronization
 .text.HAL_TIMEx_CommutCallback
                0x00000000080024c8       0x12 ./Drivers/STM32F1xx_HAL_Driver/Src/stm32f1xx_hal_tim_ex.o
                0x00000000080024c8                HAL_TIMEx_CommutCallback
 .text.HAL_TIMEx_BreakCallback
                0x00000000080024da       0x12 ./Drivers/STM32F1xx_HAL_Driver/Src/stm32f1xx_hal_tim_ex.o
                0x00000000080024da                HAL_TIMEx_BreakCallback
 .text.__libc_init_array
                0x00000000080024ec       0x48 d:/programs files x86/stm32/stm32cubeide_1.7.0/stm32cubeide/plugins/com.st.stm32cube.ide.mcu.externaltools.gnu-tools-for-stm32.9-2020-q2-update.win32_2.0.0.202105311346/tools/bin/../lib/gcc/arm-none-eabi/9.3.1/../../../../arm-none-eabi/lib/thumb/v7-m/nofp\libc_nano.a(lib_a-init.o)
                0x00000000080024ec                __libc_init_array
 .text.memset   0x0000000008002534       0x10 d:/programs files x86/stm32/stm32cubeide_1.7.0/stm32cubeide/plugins/com.st.stm32cube.ide.mcu.externaltools.gnu-tools-for-stm32.9-2020-q2-update.win32_2.0.0.202105311346/tools/bin/../lib/gcc/arm-none-eabi/9.3.1/../../../../arm-none-eabi/lib/thumb/v7-m/nofp\libc_nano.a(lib_a-memset.o)
                0x0000000008002534                memset
 *(.glue_7)
 .glue_7        0x0000000008002544        0x0 linker stubs
 *(.glue_7t)
 .glue_7t       0x0000000008002544        0x0 linker stubs
 *(.eh_frame)
 .eh_frame      0x0000000008002544        0x0 d:/programs files x86/stm32/stm32cubeide_1.7.0/stm32cubeide/plugins/com.st.stm32cube.ide.mcu.externaltools.gnu-tools-for-stm32.9-2020-q2-update.win32_2.0.0.202105311346/tools/bin/../lib/gcc/arm-none-eabi/9.3.1/thumb/v7-m/nofp/crtbegin.o
 *(.init)
 .init          0x0000000008002544        0x4 d:/programs files x86/stm32/stm32cubeide_1.7.0/stm32cubeide/plugins/com.st.stm32cube.ide.mcu.externaltools.gnu-tools-for-stm32.9-2020-q2-update.win32_2.0.0.202105311346/tools/bin/../lib/gcc/arm-none-eabi/9.3.1/thumb/v7-m/nofp/crti.o
                0x0000000008002544                _init
 .init          0x0000000008002548        0x8 d:/programs files x86/stm32/stm32cubeide_1.7.0/stm32cubeide/plugins/com.st.stm32cube.ide.mcu.externaltools.gnu-tools-for-stm32.9-2020-q2-update.win32_2.0.0.202105311346/tools/bin/../lib/gcc/arm-none-eabi/9.3.1/thumb/v7-m/nofp/crtn.o
 *(.fini)
 .fini          0x0000000008002550        0x4 d:/programs files x86/stm32/stm32cubeide_1.7.0/stm32cubeide/plugins/com.st.stm32cube.ide.mcu.externaltools.gnu-tools-for-stm32.9-2020-q2-update.win32_2.0.0.202105311346/tools/bin/../lib/gcc/arm-none-eabi/9.3.1/thumb/v7-m/nofp/crti.o
                0x0000000008002550                _fini
 .fini          0x0000000008002554        0x8 d:/programs files x86/stm32/stm32cubeide_1.7.0/stm32cubeide/plugins/com.st.stm32cube.ide.mcu.externaltools.gnu-tools-for-stm32.9-2020-q2-update.win32_2.0.0.202105311346/tools/bin/../lib/gcc/arm-none-eabi/9.3.1/thumb/v7-m/nofp/crtn.o
                0x000000000800255c                . = ALIGN (0x4)
                0x000000000800255c                _etext = .

.vfp11_veneer   0x000000000800255c        0x0
 .vfp11_veneer  0x000000000800255c        0x0 linker stubs

.v4_bx          0x000000000800255c        0x0
 .v4_bx         0x000000000800255c        0x0 linker stubs

.iplt           0x000000000800255c        0x0
 .iplt          0x000000000800255c        0x0 d:/programs files x86/stm32/stm32cubeide_1.7.0/stm32cubeide/plugins/com.st.stm32cube.ide.mcu.externaltools.gnu-tools-for-stm32.9-2020-q2-update.win32_2.0.0.202105311346/tools/bin/../lib/gcc/arm-none-eabi/9.3.1/thumb/v7-m/nofp/crtbegin.o

.rodata         0x000000000800255c       0x20
                0x000000000800255c                . = ALIGN (0x4)
 *(.rodata)
 .rodata        0x000000000800255c       0x10 ./Drivers/STM32F1xx_HAL_Driver/Src/stm32f1xx_hal_rcc.o
 *(.rodata*)
 .rodata.AHBPrescTable
                0x000000000800256c       0x10 ./Core/Src/system_stm32f1xx.o
                0x000000000800256c                AHBPrescTable
                0x000000000800257c                . = ALIGN (0x4)

.rel.dyn        0x000000000800257c        0x0
 .rel.iplt      0x000000000800257c        0x0 d:/programs files x86/stm32/stm32cubeide_1.7.0/stm32cubeide/plugins/com.st.stm32cube.ide.mcu.externaltools.gnu-tools-for-stm32.9-2020-q2-update.win32_2.0.0.202105311346/tools/bin/../lib/gcc/arm-none-eabi/9.3.1/thumb/v7-m/nofp/crtbegin.o

.ARM.extab      0x000000000800257c        0x0
                0x000000000800257c                . = ALIGN (0x4)
 *(.ARM.extab* .gnu.linkonce.armextab.*)
                0x000000000800257c                . = ALIGN (0x4)

.ARM            0x000000000800257c        0x0
                0x000000000800257c                . = ALIGN (0x4)
                0x000000000800257c                __exidx_start = .
 *(.ARM.exidx*)
                0x000000000800257c                __exidx_end = .
                0x000000000800257c                . = ALIGN (0x4)

.preinit_array  0x000000000800257c        0x0
                0x000000000800257c                . = ALIGN (0x4)
                0x000000000800257c                PROVIDE (__preinit_array_start = .)
 *(.preinit_array*)
                0x000000000800257c                PROVIDE (__preinit_array_end = .)
                0x000000000800257c                . = ALIGN (0x4)

.init_array     0x000000000800257c        0x4
                0x000000000800257c                . = ALIGN (0x4)
                0x000000000800257c                PROVIDE (__init_array_start = .)
 *(SORT_BY_NAME(.init_array.*))
 *(.init_array*)
 .init_array    0x000000000800257c        0x4 d:/programs files x86/stm32/stm32cubeide_1.7.0/stm32cubeide/plugins/com.st.stm32cube.ide.mcu.externaltools.gnu-tools-for-stm32.9-2020-q2-update.win32_2.0.0.202105311346/tools/bin/../lib/gcc/arm-none-eabi/9.3.1/thumb/v7-m/nofp/crtbegin.o
                0x0000000008002580                PROVIDE (__init_array_end = .)
                0x0000000008002580                . = ALIGN (0x4)

.fini_array     0x0000000008002580        0x4
                0x0000000008002580                . = ALIGN (0x4)
                [!provide]                        PROVIDE (__fini_array_start = .)
 *(SORT_BY_NAME(.fini_array.*))
 *(.fini_array*)
 .fini_array    0x0000000008002580        0x4 d:/programs files x86/stm32/stm32cubeide_1.7.0/stm32cubeide/plugins/com.st.stm32cube.ide.mcu.externaltools.gnu-tools-for-stm32.9-2020-q2-update.win32_2.0.0.202105311346/tools/bin/../lib/gcc/arm-none-eabi/9.3.1/thumb/v7-m/nofp/crtbegin.o
                [!provide]                        PROVIDE (__fini_array_end = .)
                0x0000000008002584                . = ALIGN (0x4)
                0x0000000008002584                _sidata = LOADADDR (.data)

.data           0x0000000020000000       0x48 load address 0x0000000008002584
                0x0000000020000000                . = ALIGN (0x4)
                0x0000000020000000                _sdata = .
 *(.data)
 *(.data*)
 .data.KeyReg0  0x0000000020000000        0x4 ./Core/Src/button.o
                0x0000000020000000                KeyReg0
 .data.KeyReg1  0x0000000020000004        0x4 ./Core/Src/button.o
                0x0000000020000004                KeyReg1
 .data.KeyReg2  0x0000000020000008        0x4 ./Core/Src/button.o
                0x0000000020000008                KeyReg2
 .data.KeyReg3  0x000000002000000c        0x4 ./Core/Src/button.o
                0x000000002000000c                KeyReg3
 .data.TimeOutForKeyPress1
                0x0000000020000010        0x4 ./Core/Src/button.o
                0x0000000020000010                TimeOutForKeyPress1
 .data.KeyReg4  0x0000000020000014        0x4 ./Core/Src/button.o
                0x0000000020000014                KeyReg4
 .data.KeyReg5  0x0000000020000018        0x4 ./Core/Src/button.o
                0x0000000020000018                KeyReg5
 .data.KeyReg6  0x000000002000001c        0x4 ./Core/Src/button.o
                0x000000002000001c                KeyReg6
 .data.KeyReg7  0x0000000020000020        0x4 ./Core/Src/button.o
                0x0000000020000020                KeyReg7
 .data.TimeOutForKeyPress2
                0x0000000020000024        0x4 ./Core/Src/button.o
                0x0000000020000024                TimeOutForKeyPress2
 .data.KeyReg8  0x0000000020000028        0x4 ./Core/Src/button.o
                0x0000000020000028                KeyReg8
 .data.KeyReg9  0x000000002000002c        0x4 ./Core/Src/button.o
                0x000000002000002c                KeyReg9
 .data.KeyReg10
                0x0000000020000030        0x4 ./Core/Src/button.o
                0x0000000020000030                KeyReg10
 .data.KeyReg11
                0x0000000020000034        0x4 ./Core/Src/button.o
                0x0000000020000034                KeyReg11
 .data.TimeOutForKeyPress3
                0x0000000020000038        0x4 ./Core/Src/button.o
                0x0000000020000038                TimeOutForKeyPress3
 .data.SystemCoreClock
                0x000000002000003c        0x4 ./Core/Src/system_stm32f1xx.o
                0x000000002000003c                SystemCoreClock
 .data.uwTickPrio
                0x0000000020000040        0x4 ./Drivers/STM32F1xx_HAL_Driver/Src/stm32f1xx_hal.o
                0x0000000020000040                uwTickPrio
 .data.uwTickFreq
                0x0000000020000044        0x1 ./Drivers/STM32F1xx_HAL_Driver/Src/stm32f1xx_hal.o
                0x0000000020000044                uwTickFreq
 *(.RamFunc)
 *(.RamFunc*)
                0x0000000020000048                . = ALIGN (0x4)
 *fill*         0x0000000020000045        0x3 
                0x0000000020000048                _edata = .

.igot.plt       0x0000000020000048        0x0 load address 0x00000000080025cc
 .igot.plt      0x0000000020000048        0x0 d:/programs files x86/stm32/stm32cubeide_1.7.0/stm32cubeide/plugins/com.st.stm32cube.ide.mcu.externaltools.gnu-tools-for-stm32.9-2020-q2-update.win32_2.0.0.202105311346/tools/bin/../lib/gcc/arm-none-eabi/9.3.1/thumb/v7-m/nofp/crtbegin.o
                0x0000000020000048                . = ALIGN (0x4)

.bss            0x0000000020000048       0xa4 load address 0x00000000080025cc
                0x0000000020000048                _sbss = .
                0x0000000020000048                __bss_start__ = _sbss
 *(.bss)
 .bss           0x0000000020000048       0x1c d:/programs files x86/stm32/stm32cubeide_1.7.0/stm32cubeide/plugins/com.st.stm32cube.ide.mcu.externaltools.gnu-tools-for-stm32.9-2020-q2-update.win32_2.0.0.202105311346/tools/bin/../lib/gcc/arm-none-eabi/9.3.1/thumb/v7-m/nofp/crtbegin.o
 *(.bss*)
 .bss.button1_flag
                0x0000000020000064        0x4 ./Core/Src/button.o
                0x0000000020000064                button1_flag
 .bss.button2_flag
                0x0000000020000068        0x4 ./Core/Src/button.o
                0x0000000020000068                button2_flag
 .bss.button3_flag
                0x000000002000006c        0x4 ./Core/Src/button.o
                0x000000002000006c                button3_flag
 .bss.status    0x0000000020000070        0x4 ./Core/Src/global.o
                0x0000000020000070                status
 .bss.counter   0x0000000020000074        0x4 ./Core/Src/global.o
                0x0000000020000074                counter
 .bss.longPressedBtn2
                0x0000000020000078        0x4 ./Core/Src/global.o
                0x0000000020000078                longPressedBtn2
 .bss.longPressedBtn3
                0x000000002000007c        0x4 ./Core/Src/global.o
                0x000000002000007c                longPressedBtn3
 .bss.timer1_counter
                0x0000000020000080        0x4 ./Core/Src/timer_software.o
                0x0000000020000080                timer1_counter
 .bss.timer1_flag
                0x0000000020000084        0x4 ./Core/Src/timer_software.o
                0x0000000020000084                timer1_flag
 .bss.timer2_counter
                0x0000000020000088        0x4 ./Core/Src/timer_software.o
                0x0000000020000088                timer2_counter
 .bss.timer2_flag
                0x000000002000008c        0x4 ./Core/Src/timer_software.o
                0x000000002000008c                timer2_flag
 .bss.timerX_counter
                0x0000000020000090        0x4 ./Core/Src/timer_software.o
                0x0000000020000090                timerX_counter
 .bss.timerX_flag
                0x0000000020000094        0x4 ./Core/Src/timer_software.o
                0x0000000020000094                timerX_flag
 .bss.timerY_counter
                0x0000000020000098        0x4 ./Core/Src/timer_software.o
                0x0000000020000098                timerY_counter
 .bss.timerY_flag
                0x000000002000009c        0x4 ./Core/Src/timer_software.o
                0x000000002000009c                timerY_flag
 *(COMMON)
 COMMON         0x00000000200000a0       0x48 ./Core/Src/main.o
                0x00000000200000a0                htim2
 COMMON         0x00000000200000e8        0x4 ./Drivers/STM32F1xx_HAL_Driver/Src/stm32f1xx_hal.o
                0x00000000200000e8                uwTick
                0x00000000200000ec                . = ALIGN (0x4)
                0x00000000200000ec                _ebss = .
                0x00000000200000ec                __bss_end__ = _ebss

._user_heap_stack
                0x00000000200000ec      0x604 load address 0x00000000080025cc
                0x00000000200000f0                . = ALIGN (0x8)
 *fill*         0x00000000200000ec        0x4 
                [!provide]                        PROVIDE (end = .)
                0x00000000200000f0                PROVIDE (_end = .)
                0x00000000200002f0                . = (. + _Min_Heap_Size)
 *fill*         0x00000000200000f0      0x200 
                0x00000000200006f0                . = (. + _Min_Stack_Size)
 *fill*         0x00000000200002f0      0x400 
                0x00000000200006f0                . = ALIGN (0x8)

/DISCARD/
 libc.a(*)
 libm.a(*)
 libgcc.a(*)

.ARM.attributes
                0x0000000000000000       0x29
 *(.ARM.attributes)
 .ARM.attributes
                0x0000000000000000       0x1d d:/programs files x86/stm32/stm32cubeide_1.7.0/stm32cubeide/plugins/com.st.stm32cube.ide.mcu.externaltools.gnu-tools-for-stm32.9-2020-q2-update.win32_2.0.0.202105311346/tools/bin/../lib/gcc/arm-none-eabi/9.3.1/thumb/v7-m/nofp/crti.o
 .ARM.attributes
                0x000000000000001d       0x2d d:/programs files x86/stm32/stm32cubeide_1.7.0/stm32cubeide/plugins/com.st.stm32cube.ide.mcu.externaltools.gnu-tools-for-stm32.9-2020-q2-update.win32_2.0.0.202105311346/tools/bin/../lib/gcc/arm-none-eabi/9.3.1/thumb/v7-m/nofp/crtbegin.o
 .ARM.attributes
                0x000000000000004a       0x2d ./Core/Src/button.o
 .ARM.attributes
                0x0000000000000077       0x2d ./Core/Src/displayled7seg.o
 .ARM.attributes
                0x00000000000000a4       0x33 ./Core/Src/global.o
 .ARM.attributes
                0x00000000000000d7       0x2d ./Core/Src/main.o
 .ARM.attributes
                0x0000000000000104       0x2d ./Core/Src/state_machine.o
 .ARM.attributes
                0x0000000000000131       0x2d ./Core/Src/stm32f1xx_hal_msp.o
 .ARM.attributes
                0x000000000000015e       0x2d ./Core/Src/stm32f1xx_it.o
 .ARM.attributes
                0x000000000000018b       0x2d ./Core/Src/system_stm32f1xx.o
 .ARM.attributes
                0x00000000000001b8       0x2d ./Core/Src/timer_software.o
 .ARM.attributes
                0x00000000000001e5       0x21 ./Core/Startup/startup_stm32f103c6ux.o
 .ARM.attributes
                0x0000000000000206       0x2d ./Drivers/STM32F1xx_HAL_Driver/Src/stm32f1xx_hal.o
 .ARM.attributes
                0x0000000000000233       0x2d ./Drivers/STM32F1xx_HAL_Driver/Src/stm32f1xx_hal_cortex.o
 .ARM.attributes
                0x0000000000000260       0x2d ./Drivers/STM32F1xx_HAL_Driver/Src/stm32f1xx_hal_gpio.o
 .ARM.attributes
                0x000000000000028d       0x2d ./Drivers/STM32F1xx_HAL_Driver/Src/stm32f1xx_hal_rcc.o
 .ARM.attributes
                0x00000000000002ba       0x2d ./Drivers/STM32F1xx_HAL_Driver/Src/stm32f1xx_hal_tim.o
 .ARM.attributes
                0x00000000000002e7       0x2d ./Drivers/STM32F1xx_HAL_Driver/Src/stm32f1xx_hal_tim_ex.o
 .ARM.attributes
                0x0000000000000314       0x2d d:/programs files x86/stm32/stm32cubeide_1.7.0/stm32cubeide/plugins/com.st.stm32cube.ide.mcu.externaltools.gnu-tools-for-stm32.9-2020-q2-update.win32_2.0.0.202105311346/tools/bin/../lib/gcc/arm-none-eabi/9.3.1/../../../../arm-none-eabi/lib/thumb/v7-m/nofp\libc_nano.a(lib_a-init.o)
 .ARM.attributes
                0x0000000000000341       0x2d d:/programs files x86/stm32/stm32cubeide_1.7.0/stm32cubeide/plugins/com.st.stm32cube.ide.mcu.externaltools.gnu-tools-for-stm32.9-2020-q2-update.win32_2.0.0.202105311346/tools/bin/../lib/gcc/arm-none-eabi/9.3.1/../../../../arm-none-eabi/lib/thumb/v7-m/nofp\libc_nano.a(lib_a-memset.o)
 .ARM.attributes
                0x000000000000036e       0x1d d:/programs files x86/stm32/stm32cubeide_1.7.0/stm32cubeide/plugins/com.st.stm32cube.ide.mcu.externaltools.gnu-tools-for-stm32.9-2020-q2-update.win32_2.0.0.202105311346/tools/bin/../lib/gcc/arm-none-eabi/9.3.1/thumb/v7-m/nofp/crtn.o
OUTPUT(mid_term.elf elf32-littlearm)
LOAD linker stubs
LOAD d:/programs files x86/stm32/stm32cubeide_1.7.0/stm32cubeide/plugins/com.st.stm32cube.ide.mcu.externaltools.gnu-tools-for-stm32.9-2020-q2-update.win32_2.0.0.202105311346/tools/bin/../lib/gcc/arm-none-eabi/9.3.1/../../../../arm-none-eabi/lib/thumb/v7-m/nofp\libc.a
LOAD d:/programs files x86/stm32/stm32cubeide_1.7.0/stm32cubeide/plugins/com.st.stm32cube.ide.mcu.externaltools.gnu-tools-for-stm32.9-2020-q2-update.win32_2.0.0.202105311346/tools/bin/../lib/gcc/arm-none-eabi/9.3.1/../../../../arm-none-eabi/lib/thumb/v7-m/nofp\libm.a
LOAD d:/programs files x86/stm32/stm32cubeide_1.7.0/stm32cubeide/plugins/com.st.stm32cube.ide.mcu.externaltools.gnu-tools-for-stm32.9-2020-q2-update.win32_2.0.0.202105311346/tools/bin/../lib/gcc/arm-none-eabi/9.3.1/thumb/v7-m/nofp\libgcc.a

.debug_info     0x0000000000000000     0x95ce
 .debug_info    0x0000000000000000      0x4f3 ./Core/Src/button.o
 .debug_info    0x00000000000004f3      0x37b ./Core/Src/displayled7seg.o
 .debug_info    0x000000000000086e      0x2dc ./Core/Src/global.o
 .debug_info    0x0000000000000b4a      0xcbb ./Core/Src/main.o
 .debug_info    0x0000000000001805      0x3bc ./Core/Src/state_machine.o
 .debug_info    0x0000000000001bc1      0xa04 ./Core/Src/stm32f1xx_hal_msp.o
 .debug_info    0x00000000000025c5      0x7b4 ./Core/Src/stm32f1xx_it.o
 .debug_info    0x0000000000002d79      0x2be ./Core/Src/system_stm32f1xx.o
 .debug_info    0x0000000000003037      0x3c2 ./Core/Src/timer_software.o
 .debug_info    0x00000000000033f9       0x22 ./Core/Startup/startup_stm32f103c6ux.o
 .debug_info    0x000000000000341b      0x74c ./Drivers/STM32F1xx_HAL_Driver/Src/stm32f1xx_hal.o
 .debug_info    0x0000000000003b67      0xbbe ./Drivers/STM32F1xx_HAL_Driver/Src/stm32f1xx_hal_cortex.o
 .debug_info    0x0000000000004725      0x701 ./Drivers/STM32F1xx_HAL_Driver/Src/stm32f1xx_hal_gpio.o
 .debug_info    0x0000000000004e26      0x88e ./Drivers/STM32F1xx_HAL_Driver/Src/stm32f1xx_hal_rcc.o
 .debug_info    0x00000000000056b4     0x2a45 ./Drivers/STM32F1xx_HAL_Driver/Src/stm32f1xx_hal_tim.o
 .debug_info    0x00000000000080f9     0x14d5 ./Drivers/STM32F1xx_HAL_Driver/Src/stm32f1xx_hal_tim_ex.o

.debug_abbrev   0x0000000000000000     0x1a00
 .debug_abbrev  0x0000000000000000      0x153 ./Core/Src/button.o
 .debug_abbrev  0x0000000000000153      0x109 ./Core/Src/displayled7seg.o
 .debug_abbrev  0x000000000000025c       0xa9 ./Core/Src/global.o
 .debug_abbrev  0x0000000000000305      0x22c ./Core/Src/main.o
 .debug_abbrev  0x0000000000000531      0x117 ./Core/Src/state_machine.o
 .debug_abbrev  0x0000000000000648      0x1b7 ./Core/Src/stm32f1xx_hal_msp.o
 .debug_abbrev  0x00000000000007ff      0x176 ./Core/Src/stm32f1xx_it.o
 .debug_abbrev  0x0000000000000975      0x14e ./Core/Src/system_stm32f1xx.o
 .debug_abbrev  0x0000000000000ac3      0x10c ./Core/Src/timer_software.o
 .debug_abbrev  0x0000000000000bcf       0x12 ./Core/Startup/startup_stm32f103c6ux.o
 .debug_abbrev  0x0000000000000be1      0x1ed ./Drivers/STM32F1xx_HAL_Driver/Src/stm32f1xx_hal.o
 .debug_abbrev  0x0000000000000dce      0x313 ./Drivers/STM32F1xx_HAL_Driver/Src/stm32f1xx_hal_cortex.o
 .debug_abbrev  0x00000000000010e1      0x1e8 ./Drivers/STM32F1xx_HAL_Driver/Src/stm32f1xx_hal_gpio.o
 .debug_abbrev  0x00000000000012c9      0x273 ./Drivers/STM32F1xx_HAL_Driver/Src/stm32f1xx_hal_rcc.o
 .debug_abbrev  0x000000000000153c      0x25e ./Drivers/STM32F1xx_HAL_Driver/Src/stm32f1xx_hal_tim.o
 .debug_abbrev  0x000000000000179a      0x266 ./Drivers/STM32F1xx_HAL_Driver/Src/stm32f1xx_hal_tim_ex.o

.debug_aranges  0x0000000000000000      0xa30
 .debug_aranges
                0x0000000000000000       0x50 ./Core/Src/button.o
 .debug_aranges
                0x0000000000000050       0x20 ./Core/Src/displayled7seg.o
 .debug_aranges
                0x0000000000000070       0x18 ./Core/Src/global.o
 .debug_aranges
                0x0000000000000088       0x48 ./Core/Src/main.o
 .debug_aranges
                0x00000000000000d0       0x38 ./Core/Src/state_machine.o
 .debug_aranges
                0x0000000000000108       0x30 ./Core/Src/stm32f1xx_hal_msp.o
 .debug_aranges
                0x0000000000000138       0x68 ./Core/Src/stm32f1xx_it.o
 .debug_aranges
                0x00000000000001a0       0x28 ./Core/Src/system_stm32f1xx.o
 .debug_aranges
                0x00000000000001c8       0x40 ./Core/Src/timer_software.o
 .debug_aranges
                0x0000000000000208       0x28 ./Core/Startup/startup_stm32f103c6ux.o
 .debug_aranges
                0x0000000000000230       0xe0 ./Drivers/STM32F1xx_HAL_Driver/Src/stm32f1xx_hal.o
 .debug_aranges
                0x0000000000000310      0x100 ./Drivers/STM32F1xx_HAL_Driver/Src/stm32f1xx_hal_cortex.o
 .debug_aranges
                0x0000000000000410       0x58 ./Drivers/STM32F1xx_HAL_Driver/Src/stm32f1xx_hal_gpio.o
 .debug_aranges
                0x0000000000000468       0x90 ./Drivers/STM32F1xx_HAL_Driver/Src/stm32f1xx_hal_rcc.o
 .debug_aranges
                0x00000000000004f8      0x3d0 ./Drivers/STM32F1xx_HAL_Driver/Src/stm32f1xx_hal_tim.o
 .debug_aranges
                0x00000000000008c8      0x168 ./Drivers/STM32F1xx_HAL_Driver/Src/stm32f1xx_hal_tim_ex.o

.debug_ranges   0x0000000000000000      0x930
 .debug_ranges  0x0000000000000000       0x40 ./Core/Src/button.o
 .debug_ranges  0x0000000000000040       0x10 ./Core/Src/displayled7seg.o
 .debug_ranges  0x0000000000000050       0x38 ./Core/Src/main.o
 .debug_ranges  0x0000000000000088       0x28 ./Core/Src/state_machine.o
 .debug_ranges  0x00000000000000b0       0x20 ./Core/Src/stm32f1xx_hal_msp.o
 .debug_ranges  0x00000000000000d0       0x58 ./Core/Src/stm32f1xx_it.o
 .debug_ranges  0x0000000000000128       0x18 ./Core/Src/system_stm32f1xx.o
 .debug_ranges  0x0000000000000140       0x30 ./Core/Src/timer_software.o
 .debug_ranges  0x0000000000000170       0x20 ./Core/Startup/startup_stm32f103c6ux.o
 .debug_ranges  0x0000000000000190       0xd0 ./Drivers/STM32F1xx_HAL_Driver/Src/stm32f1xx_hal.o
 .debug_ranges  0x0000000000000260       0xf0 ./Drivers/STM32F1xx_HAL_Driver/Src/stm32f1xx_hal_cortex.o
 .debug_ranges  0x0000000000000350       0x48 ./Drivers/STM32F1xx_HAL_Driver/Src/stm32f1xx_hal_gpio.o
 .debug_ranges  0x0000000000000398       0x80 ./Drivers/STM32F1xx_HAL_Driver/Src/stm32f1xx_hal_rcc.o
 .debug_ranges  0x0000000000000418      0x3c0 ./Drivers/STM32F1xx_HAL_Driver/Src/stm32f1xx_hal_tim.o
 .debug_ranges  0x00000000000007d8      0x158 ./Drivers/STM32F1xx_HAL_Driver/Src/stm32f1xx_hal_tim_ex.o

.debug_macro    0x0000000000000000    0x16c3f
 .debug_macro   0x0000000000000000      0x1e1 ./Core/Src/button.o
 .debug_macro   0x00000000000001e1      0xa9c ./Core/Src/button.o
 .debug_macro   0x0000000000000c7d      0x215 ./Core/Src/button.o
 .debug_macro   0x0000000000000e92       0x2e ./Core/Src/button.o
 .debug_macro   0x0000000000000ec0       0x22 ./Core/Src/button.o
 .debug_macro   0x0000000000000ee2       0x22 ./Core/Src/button.o
 .debug_macro   0x0000000000000f04       0x8e ./Core/Src/button.o
 .debug_macro   0x0000000000000f92       0x51 ./Core/Src/button.o
 .debug_macro   0x0000000000000fe3      0x103 ./Core/Src/button.o
 .debug_macro   0x00000000000010e6       0x6a ./Core/Src/button.o
 .debug_macro   0x0000000000001150      0x1df ./Core/Src/button.o
 .debug_macro   0x000000000000132f       0x1c ./Core/Src/button.o
 .debug_macro   0x000000000000134b       0x22 ./Core/Src/button.o
 .debug_macro   0x000000000000136d       0xc3 ./Core/Src/button.o
 .debug_macro   0x0000000000001430      0xd23 ./Core/Src/button.o
 .debug_macro   0x0000000000002153     0xde75 ./Core/Src/button.o
 .debug_macro   0x000000000000ffc8       0x6d ./Core/Src/button.o
 .debug_macro   0x0000000000010035     0x3468 ./Core/Src/button.o
 .debug_macro   0x000000000001349d      0x174 ./Core/Src/button.o
 .debug_macro   0x0000000000013611       0x5c ./Core/Src/button.o
 .debug_macro   0x000000000001366d      0x5be ./Core/Src/button.o
 .debug_macro   0x0000000000013c2b      0x1b7 ./Core/Src/button.o
 .debug_macro   0x0000000000013de2      0x1cb ./Core/Src/button.o
 .debug_macro   0x0000000000013fad      0x114 ./Core/Src/button.o
 .debug_macro   0x00000000000140c1      0x1b2 ./Core/Src/button.o
 .debug_macro   0x0000000000014273       0x27 ./Core/Src/button.o
 .debug_macro   0x000000000001429a      0x12f ./Core/Src/button.o
 .debug_macro   0x00000000000143c9      0x1bc ./Core/Src/button.o
 .debug_macro   0x0000000000014585       0x34 ./Core/Src/button.o
 .debug_macro   0x00000000000145b9       0x3c ./Core/Src/button.o
 .debug_macro   0x00000000000145f5       0x57 ./Core/Src/button.o
 .debug_macro   0x000000000001464c       0x88 ./Core/Src/button.o
 .debug_macro   0x00000000000146d4      0x183 ./Core/Src/button.o
 .debug_macro   0x0000000000014857      0x141 ./Core/Src/button.o
 .debug_macro   0x0000000000014998      0x8d1 ./Core/Src/button.o
 .debug_macro   0x0000000000015269       0x69 ./Core/Src/button.o
 .debug_macro   0x00000000000152d2       0x88 ./Core/Src/button.o
 .debug_macro   0x000000000001535a       0x10 ./Core/Src/button.o
 .debug_macro   0x000000000001536a       0x2e ./Core/Src/button.o
 .debug_macro   0x0000000000015398      0x1e1 ./Core/Src/displayled7seg.o
 .debug_macro   0x0000000000015579      0x1dd ./Core/Src/global.o
 .debug_macro   0x0000000000015756      0x1fb ./Core/Src/main.o
 .debug_macro   0x0000000000015951      0x1eb ./Core/Src/state_machine.o
 .debug_macro   0x0000000000015b3c      0x1a7 ./Core/Src/stm32f1xx_hal_msp.o
 .debug_macro   0x0000000000015ce3      0x1b1 ./Core/Src/stm32f1xx_it.o
 .debug_macro   0x0000000000015e94      0x198 ./Core/Src/system_stm32f1xx.o
 .debug_macro   0x000000000001602c      0x1e1 ./Core/Src/timer_software.o
 .debug_macro   0x000000000001620d      0x1bc ./Drivers/STM32F1xx_HAL_Driver/Src/stm32f1xx_hal.o
 .debug_macro   0x00000000000163c9      0x198 ./Drivers/STM32F1xx_HAL_Driver/Src/stm32f1xx_hal_cortex.o
 .debug_macro   0x0000000000016561      0x203 ./Drivers/STM32F1xx_HAL_Driver/Src/stm32f1xx_hal_gpio.o
 .debug_macro   0x0000000000016764      0x1aa ./Drivers/STM32F1xx_HAL_Driver/Src/stm32f1xx_hal_rcc.o
 .debug_macro   0x000000000001690e      0x199 ./Drivers/STM32F1xx_HAL_Driver/Src/stm32f1xx_hal_tim.o
 .debug_macro   0x0000000000016aa7      0x198 ./Drivers/STM32F1xx_HAL_Driver/Src/stm32f1xx_hal_tim_ex.o

.debug_line     0x0000000000000000     0xce64
 .debug_line    0x0000000000000000      0x993 ./Core/Src/button.o
 .debug_line    0x0000000000000993      0x8c1 ./Core/Src/displayled7seg.o
 .debug_line    0x0000000000001254      0x7fc ./Core/Src/global.o
 .debug_line    0x0000000000001a50      0x95d ./Core/Src/main.o
 .debug_line    0x00000000000023ad      0xa27 ./Core/Src/state_machine.o
 .debug_line    0x0000000000002dd4      0x81c ./Core/Src/stm32f1xx_hal_msp.o
 .debug_line    0x00000000000035f0      0x8ba ./Core/Src/stm32f1xx_it.o
 .debug_line    0x0000000000003eaa      0x85e ./Core/Src/system_stm32f1xx.o
 .debug_line    0x0000000000004708      0x8c8 ./Core/Src/timer_software.o
 .debug_line    0x0000000000004fd0       0x87 ./Core/Startup/startup_stm32f103c6ux.o
 .debug_line    0x0000000000005057      0xa8b ./Drivers/STM32F1xx_HAL_Driver/Src/stm32f1xx_hal.o
 .debug_line    0x0000000000005ae2      0xc73 ./Drivers/STM32F1xx_HAL_Driver/Src/stm32f1xx_hal_cortex.o
 .debug_line    0x0000000000006755      0xb0c ./Drivers/STM32F1xx_HAL_Driver/Src/stm32f1xx_hal_gpio.o
 .debug_line    0x0000000000007261      0xe99 ./Drivers/STM32F1xx_HAL_Driver/Src/stm32f1xx_hal_rcc.o
 .debug_line    0x00000000000080fa     0x33e9 ./Drivers/STM32F1xx_HAL_Driver/Src/stm32f1xx_hal_tim.o
 .debug_line    0x000000000000b4e3     0x1981 ./Drivers/STM32F1xx_HAL_Driver/Src/stm32f1xx_hal_tim_ex.o

.debug_str      0x0000000000000000    0x82034
 .debug_str     0x0000000000000000    0x7f600 ./Core/Src/button.o
                                      0x7f94c (size before relaxing)
 .debug_str     0x000000000007f600       0x45 ./Core/Src/displayled7seg.o
                                      0x7f8d7 (size before relaxing)
 .debug_str     0x000000000007f645       0x15 ./Core/Src/global.o
                                      0x7f87c (size before relaxing)
 .debug_str     0x000000000007f65a      0x6f5 ./Core/Src/main.o
                                      0x80053 (size before relaxing)
 .debug_str     0x000000000007fd4f       0x4c ./Core/Src/state_machine.o
                                      0x7f916 (size before relaxing)
 .debug_str     0x000000000007fd9b      0x2ba ./Core/Src/stm32f1xx_hal_msp.o
                                      0x7fe72 (size before relaxing)
 .debug_str     0x0000000000080055       0xcd ./Core/Src/stm32f1xx_it.o
                                      0x7fbd4 (size before relaxing)
 .debug_str     0x0000000000080122       0x52 ./Core/Src/system_stm32f1xx.o
                                      0x7f510 (size before relaxing)
 .debug_str     0x0000000000080174       0x57 ./Core/Src/timer_software.o
                                      0x7f8be (size before relaxing)
 .debug_str     0x00000000000801cb       0x36 ./Core/Startup/startup_stm32f103c6ux.o
                                         0x7b (size before relaxing)
 .debug_str     0x0000000000080201      0x304 ./Drivers/STM32F1xx_HAL_Driver/Src/stm32f1xx_hal.o
                                      0x7fb67 (size before relaxing)
 .debug_str     0x0000000000080505      0x300 ./Drivers/STM32F1xx_HAL_Driver/Src/stm32f1xx_hal_cortex.o
                                      0x7fb6f (size before relaxing)
 .debug_str     0x0000000000080805      0x324 ./Drivers/STM32F1xx_HAL_Driver/Src/stm32f1xx_hal_gpio.o
                                      0x7f8d4 (size before relaxing)
 .debug_str     0x0000000000080b29      0x24f ./Drivers/STM32F1xx_HAL_Driver/Src/stm32f1xx_hal_rcc.o
                                      0x7f90d (size before relaxing)
 .debug_str     0x0000000000080d78      0xdce ./Drivers/STM32F1xx_HAL_Driver/Src/stm32f1xx_hal_tim.o
                                      0x808df (size before relaxing)
 .debug_str     0x0000000000081b46      0x4ee ./Drivers/STM32F1xx_HAL_Driver/Src/stm32f1xx_hal_tim_ex.o
                                      0x80090 (size before relaxing)

.comment        0x0000000000000000       0x53
 .comment       0x0000000000000000       0x53 ./Core/Src/button.o
                                         0x54 (size before relaxing)
 .comment       0x0000000000000053       0x54 ./Core/Src/displayled7seg.o
 .comment       0x0000000000000053       0x54 ./Core/Src/global.o
 .comment       0x0000000000000053       0x54 ./Core/Src/main.o
 .comment       0x0000000000000053       0x54 ./Core/Src/state_machine.o
 .comment       0x0000000000000053       0x54 ./Core/Src/stm32f1xx_hal_msp.o
 .comment       0x0000000000000053       0x54 ./Core/Src/stm32f1xx_it.o
 .comment       0x0000000000000053       0x54 ./Core/Src/system_stm32f1xx.o
 .comment       0x0000000000000053       0x54 ./Core/Src/timer_software.o
 .comment       0x0000000000000053       0x54 ./Drivers/STM32F1xx_HAL_Driver/Src/stm32f1xx_hal.o
 .comment       0x0000000000000053       0x54 ./Drivers/STM32F1xx_HAL_Driver/Src/stm32f1xx_hal_cortex.o
 .comment       0x0000000000000053       0x54 ./Drivers/STM32F1xx_HAL_Driver/Src/stm32f1xx_hal_gpio.o
 .comment       0x0000000000000053       0x54 ./Drivers/STM32F1xx_HAL_Driver/Src/stm32f1xx_hal_rcc.o
 .comment       0x0000000000000053       0x54 ./Drivers/STM32F1xx_HAL_Driver/Src/stm32f1xx_hal_tim.o
 .comment       0x0000000000000053       0x54 ./Drivers/STM32F1xx_HAL_Driver/Src/stm32f1xx_hal_tim_ex.o

.debug_frame    0x0000000000000000     0x2844
 .debug_frame   0x0000000000000000       0xec ./Core/Src/button.o
 .debug_frame   0x00000000000000ec       0x38 ./Core/Src/displayled7seg.o
 .debug_frame   0x0000000000000124       0xd4 ./Core/Src/main.o
 .debug_frame   0x00000000000001f8       0x84 ./Core/Src/state_machine.o
 .debug_frame   0x000000000000027c       0x80 ./Core/Src/stm32f1xx_hal_msp.o
 .debug_frame   0x00000000000002fc      0x120 ./Core/Src/stm32f1xx_it.o
 .debug_frame   0x000000000000041c       0x58 ./Core/Src/system_stm32f1xx.o
 .debug_frame   0x0000000000000474       0xd0 ./Core/Src/timer_software.o
 .debug_frame   0x0000000000000544      0x334 ./Drivers/STM32F1xx_HAL_Driver/Src/stm32f1xx_hal.o
 .debug_frame   0x0000000000000878      0x428 ./Drivers/STM32F1xx_HAL_Driver/Src/stm32f1xx_hal_cortex.o
 .debug_frame   0x0000000000000ca0      0x14c ./Drivers/STM32F1xx_HAL_Driver/Src/stm32f1xx_hal_gpio.o
 .debug_frame   0x0000000000000dec      0x21c ./Drivers/STM32F1xx_HAL_Driver/Src/stm32f1xx_hal_rcc.o
 .debug_frame   0x0000000000001008     0x11b8 ./Drivers/STM32F1xx_HAL_Driver/Src/stm32f1xx_hal_tim.o
 .debug_frame   0x00000000000021c0      0x638 ./Drivers/STM32F1xx_HAL_Driver/Src/stm32f1xx_hal_tim_ex.o
 .debug_frame   0x00000000000027f8       0x2c d:/programs files x86/stm32/stm32cubeide_1.7.0/stm32cubeide/plugins/com.st.stm32cube.ide.mcu.externaltools.gnu-tools-for-stm32.9-2020-q2-update.win32_2.0.0.202105311346/tools/bin/../lib/gcc/arm-none-eabi/9.3.1/../../../../arm-none-eabi/lib/thumb/v7-m/nofp\libc_nano.a(lib_a-init.o)
 .debug_frame   0x0000000000002824       0x20 d:/programs files x86/stm32/stm32cubeide_1.7.0/stm32cubeide/plugins/com.st.stm32cube.ide.mcu.externaltools.gnu-tools-for-stm32.9-2020-q2-update.win32_2.0.0.202105311346/tools/bin/../lib/gcc/arm-none-eabi/9.3.1/../../../../arm-none-eabi/lib/thumb/v7-m/nofp\libc_nano.a(lib_a-memset.o)
